mode: set
github.com/jailtonjunior94/go-tests/internal/entities/client.go:20.53,28.42 2 1
github.com/jailtonjunior94/go-tests/internal/entities/client.go:31.2,31.20 1 1
github.com/jailtonjunior94/go-tests/internal/entities/client.go:28.42,30.3 1 1
github.com/jailtonjunior94/go-tests/internal/entities/client.go:34.35,35.18 1 1
github.com/jailtonjunior94/go-tests/internal/entities/client.go:39.2,39.19 1 1
github.com/jailtonjunior94/go-tests/internal/entities/client.go:42.2,42.12 1 1
github.com/jailtonjunior94/go-tests/internal/entities/client.go:35.18,37.3 1 1
github.com/jailtonjunior94/go-tests/internal/entities/client.go:39.19,41.3 1 1
github.com/jailtonjunior94/go-tests/internal/entities/client.go:45.46,46.16 1 1
github.com/jailtonjunior94/go-tests/internal/entities/client.go:50.2,51.12 2 1
github.com/jailtonjunior94/go-tests/internal/entities/client.go:46.16,48.3 1 0
github.com/jailtonjunior94/go-tests/internal/usecases/create_client.go:21.103,25.2 1 1
github.com/jailtonjunior94/go-tests/internal/usecases/create_client.go:27.100,29.16 2 1
github.com/jailtonjunior94/go-tests/internal/usecases/create_client.go:33.2,34.16 2 1
github.com/jailtonjunior94/go-tests/internal/usecases/create_client.go:38.2,43.8 1 1
github.com/jailtonjunior94/go-tests/internal/usecases/create_client.go:29.16,31.3 1 0
github.com/jailtonjunior94/go-tests/internal/usecases/create_client.go:34.16,36.3 1 0
github.com/jailtonjunior94/go-tests/internal/infra/database/client_repository.go:13.56,17.2 1 1
github.com/jailtonjunior94/go-tests/internal/infra/database/client_repository.go:19.64,21.16 2 1
github.com/jailtonjunior94/go-tests/internal/infra/database/client_repository.go:24.2,24.12 1 1
github.com/jailtonjunior94/go-tests/internal/infra/database/client_repository.go:21.16,23.3 1 0
